// Jest Snapshot v1, https://goo.gl/fbAQLP

exports[`App should render the App component 1`] = `
<div>
  <Connect(AddTodo) />
  <Connect(TodoList) />
  <Footer />
</div>
`;
